[
    "~\\.config",
    "~\\toc.md",
    "~\\_build\\index.html"
]