<!---
Welcome to FlowDoc, a markdown-based documentation system for describing software workflows.
--->
