[
    "c:dev\\mydocs\\.config",
    "c:dev\\mydocs\\toc.md"
]