{
    "File": {},
    "Directory": {},
    "FileInfo": {},
    "Path": {
        "AltDirectorySeparatorChar": {},
        "DirectorySeparatorChar": {},
        "InvalidPathChars": [
            {},
            {},
            {},
            {},
            {},
            {},
            {},
            {},
            {},
            {},
            {},
            {},
            {},
            {},
            {},
            {},
            {},
            {},
            {},
            {},
            {},
            {},
            {},
            {},
            {},
            {},
            {},
            {},
            {},
            {},
            {},
            {},
            {},
            {},
            {},
            {}
        ],
        "PathSeparator": {},
        "VolumeSeparatorChar": {}
    },
    "DirectoryInfo": {},
    "AllPaths": [],
    "AllFiles": [],
    "AllDirectories": []
}